"id","name"
"0","Miro cillik"
"1","Ondrej Hlavacek"
"2","Martin Halamicek"
"3","Tomas Kacur"
"4","Erik Zigo"
"5","Marc Raiser"
"6","Petr Simecek"
"7","Jakub Matejka"
"8","Ondrej Popelka"
