"id","col-null-null","col-true-null","col-true-empty-string","col-true-string","col-false-null","col-false-empty-string","col-false-string"
"1","2020-06-05","2020-06-06","2020-06-07","2020-06-08","2020-06-09","2020-06-10","2020-06-11"
"2","0000-00-00","","","2020-01-01","0000-00-00","0000-00-00","2020-01-01"
