"id","col-null-null","col-true-null","col-true-empty-string","col-true-string","col-false-null","col-false-empty-string","col-false-string"
"1","2020-06-05 12:01:02","2020-06-06 12:01:02","2020-06-07 12:01:02","2020-06-08 12:01:02","2020-06-09 12:01:02","2020-06-10 12:01:02","2020-06-11 12:01:02"
"2","0000-00-00 00:00:00","","","2020-01-01 12:01:02","0000-00-00 00:00:00","0000-00-00 00:00:00","2020-01-01 12:01:02"
