"id","glasses"
"0","yes"
"1","no"
"2","yes"
"3","yes"
"4","no"
"5","sometimes"
"6","yes"
"7","yes"
"8","no"
