"id","name","glasses"
"0","Miro cillik","yes"
"12345","nameDefaultValue","glassesDefaultValue"
